[
  {"type":"Operator","value":"%"},
  {"type":"Text","value":" "},
  {"type":"Name","value":"Implementing"},
  {"type":"Text","value":" "},
  {"type":"Name","value":"Feed"},
  {"type":"Text","value":" "},
  {"type":"Name","value":"Forward"},
  {"type":"Text","value":" "},
  {"type":"Name","value":"to"},
  {"type":"Text","value":" "},
  {"type":"Name","value":"calculate"},
  {"type":"Text","value":" "},
  {"type":"Name","value":"H"},
  {"type":"Text","value":"\n\n"},
  {"type":"Name","value":"m"},
  {"type":"Text","value":" "},
  {"type":"Operator","value":"="},
  {"type":"Text","value":" "},
  {"type":"Name","value":"size"},
  {"type":"Punctuation","value":"("},
  {"type":"Name","value":"X"},
  {"type":"Punctuation","value":","},
  {"type":"Text","value":" "},
  {"type":"LiteralNumberInteger","value":"1"},
  {"type":"Punctuation","value":");"},
  {"type":"Text","value":"\n"},
  {"type":"Name","value":"X"},
  {"type":"Text","value":" "},
  {"type":"Operator","value":"="},
  {"type":"Text","value":" "},
  {"type":"Punctuation","value":"["},
  {"type":"Name","value":"ones"},
  {"type":"Punctuation","value":"("},
  {"type":"Name","value":"m"},
  {"type":"Punctuation","value":","},
  {"type":"Text","value":" "},
  {"type":"LiteralNumberInteger","value":"1"},
  {"type":"Punctuation","value":")"},
  {"type":"Text","value":" "},
  {"type":"Name","value":"X"},
  {"type":"Punctuation","value":"];"},
  {"type":"Text","value":"\n"},
  {"type":"Name","value":"Z2"},
  {"type":"Text","value":" "},
  {"type":"Operator","value":"="},
  {"type":"Text","value":" "},
  {"type":"Name","value":"Theta1"},
  {"type":"Text","value":" "},
  {"type":"Operator","value":"*"},
  {"type":"Text","value":" "},
  {"type":"Name","value":"X"},
  {"type":"Operator","value":"'"},
  {"type":"Punctuation","value":";"},
  {"type":"Text","value":"\n"},
  {"type":"Name","value":"A2"},
  {"type":"Text","value":" "},
  {"type":"Operator","value":"="},
  {"type":"Text","value":" "},
  {"type":"Name","value":"sigmoid"},
  {"type":"Punctuation","value":"("},
  {"type":"Name","value":"Z2"},
  {"type":"Punctuation","value":");"}
]
